KCPSM6 Assembler log file for program 'C:\Users\nobor\FGA\Materias\PED2\Assembler1_2\KCPSM6\projeto12.psm'.
Generated by KCPSM6 version v2.70
Ken Chapman - Xilinx Ltd - 16th May 2014

Assembly datestamp: 16 Jul 2025
Assembly timestamp: 18:28:25

Contents
  Assembly listing
  List of PSM files
  List of CONSTANTs
  List of TABLEs
  List of STRINGs
  List of line labels
  Instruction usage statistics


Last occupied address: 028 hex
Nominal program memory size: 1K (1024)   address(9:0)
Actual memory size: 4096
  (Default memory size)
Occupied memory locations: 41
Memory locations available: 4055


Assembly listing

 Addr Code              Instruction

 000                    ;projeto_1_sim_2
 000                    CONSTANT chavesd, 00
 000                    CONSTANT chavesp, 01
 000                    CONSTANT leds, 04
 000  09101   function: INPUT s1, 01[chavesp]
 001  09000             INPUT s0, 00[chavesd]
 002  1D103             COMPARE s1, 03
 003  32009             JUMP Z, 009[pattern3]
 004  1D102             COMPARE s1, 02
 005  3200F             JUMP Z, 00F[pattern2]
 006  1D101             COMPARE s1, 01
 007  32015             JUMP Z, 015[pattern1]
 008  2201B             JUMP 01B[pattern0]
 009  0130D   pattern3: LOAD s3, 0D
 00A  1C430             COMPARE s4, s3
 00B  32020             JUMP Z, 020[direction]
 00C  00430             LOAD s4, s3
 00D  00540             LOAD s5, s4
 00E  22020             JUMP 020[direction]
 00F  0130F   pattern2: LOAD s3, 0F
 010  1C430             COMPARE s4, s3
 011  32020             JUMP Z, 020[direction]
 012  00430             LOAD s4, s3
 013  00540             LOAD s5, s4
 014  22020             JUMP 020[direction]
 015  01303   pattern1: LOAD s3, 03
 016  1C430             COMPARE s4, s3
 017  32020             JUMP Z, 020[direction]
 018  00430             LOAD s4, s3
 019  00540             LOAD s5, s4
 01A  22020             JUMP 020[direction]
 01B  01301   pattern0: LOAD s3, 01
 01C  1C430             COMPARE s4, s3
 01D  32020             JUMP Z, 020[direction]
 01E  00430             LOAD s4, s3
 01F  00540             LOAD s5, s4
 020  1D001  direction: COMPARE s0, 01
 021  32023             JUMP Z, 023[toleft]
 022  22025             JUMP 025[toright]
 023  14502     toleft: RL s5
 024  22027             JUMP 027[done]
 025  1450C    toright: RR s5
 026  22027             JUMP 027[done]
 027  2D504       done: OUTPUT s5, 04[leds]
 028  22000             JUMP 000[function]


All unused memory locations contain zero (equivalent to 'LOAD s0, s0')



List of PSM files that have been assembled

C:\Users\nobor\FGA\Materias\PED2\Assembler1_2\KCPSM6\projeto12.psm



List of defined constants

 CONSTANT name     Value        Source PSM File

 timestamp_hours   18'd         
 timestamp_minutes 28'd         
 timestamp_seconds 25'd         
 datestamp_year    25'd         
 datestamp_month   7'd          
 datestamp_day     16'd         
 NUL               00           
 BEL               07           
 BS                08           
 HT                09           
 LF                0A           
 VT                0B           
 CR                0D           
 ESC               1B           
 DEL               7F           
 DCS               90           
 ST                9C           
 chavesd           00           projeto12.psm
 chavesp           01           projeto12.psm
 leds              04           projeto12.psm



No TABLEs defined



List of text strings

 STRING name       String         Source PSM File

 KCPSM6_version$   "v2.70"        
 datestamp$        "16 Jul 2025"  
 timestamp$        "18:28:25"     



List of line labels

   Label       Addr  Source PSM File

   function    000   projeto12.psm
   pattern3    009   projeto12.psm
   pattern2    00F   projeto12.psm
   pattern1    015   projeto12.psm
   pattern0    01B   projeto12.psm
   direction   020   projeto12.psm
   toleft      023   projeto12.psm
   toright     025   projeto12.psm
   done        027   projeto12.psm



Instruction usage statistics

 Instruction    Instances

 LOAD             12
 STAR              -

 AND               -
 OR                -
 XOR               -

 ADD               -
 ADDCY             -
 SUB               -
 SUBCY             -

 TEST              -
 TESTCY            -
 COMPARE           8
 COMPARECY         -

 SL0               -
 SL1               -
 SLX               -
 SLA               -
 RL                1
 SR0               -
 SR1               -
 SRX               -
 SRA               -
 RR                1

 REGBANK           -

 INPUT             2
 OUTPUT            1
 OUTPUTK           -

 STORE             -
 FETCH             -

 DISABLE           -
 ENABLE            -
 RETURNI           -

 JUMP             16
 JUMP@             -
 CALL              -
 CALL@             -
 RETURN            -
 LOAD&RETURN       -

 HWBUILD           -



End of KCPSM6 log file.
