KCPSM6 Assembler log file for program 'C:\Users\natan\Downloads\codigo_assembly\Assembler\primeiro_programa.psm'.
Generated by KCPSM6 version v2.70
Ken Chapman - Xilinx Ltd - 16th May 2014

Assembly datestamp: 07 Jul 2025
Assembly timestamp: 11:10:34

Contents
  Assembly listing
  List of PSM files
  List of CONSTANTs
  List of TABLEs
  List of STRINGs
  List of line labels
  Instruction usage statistics


Last occupied address: 00A hex
Nominal program memory size: 1K (1024)   address(9:0)
Actual memory size: 4096
  (Default memory size)
Occupied memory locations: 11
Memory locations available: 4085


Assembly listing

 Addr Code         Instruction

 000               ;primeiro programa PB6
 000               CONSTANT SWITCHES, 01  ; SWITCHES = 01h
 000               CONSTANT LEDS, 02      ; LEDS = 02h
 000         soma: ; label da rotina
 000  09001        INPUT s0, 01[SWITCHES] ; s0 recebe conteudo das chaves
 001  00100        LOAD s1, s0            ; s1 = s0
 002  00200        LOAD s2, s0            ; s2 = s0
 003  03107        AND s1, 07             ; s1 = s1 AND 0000 0111
 004  03227        AND s2, 27             ; s2 = s2 AND 0001 1011
 005  1420E        SR0 s2                 ; s2 = '0'& s2[7:1]
 006  1420E        SR0 s2                 ; s2 = '0'& s2[7:1]
 007  1420E        SR0 s2                 ; s2 = '0'& s2[7:1]
 008  10120        ADD s1, s2             ; s1 = s1 + s2
 009  2D102        OUTPUT s1, 02[LEDS]    ; leds recebem conteudo de s1
 00A  22000        JUMP 000[soma]         ; salta para rotina soma


All unused memory locations contain zero (equivalent to 'LOAD s0, s0')



List of PSM files that have been assembled

C:\Users\natan\Downloads\codigo_assembly\Assembler\primeiro_programa.psm



List of defined constants

 CONSTANT name     Value        Source PSM File

 timestamp_hours   11'd         
 timestamp_minutes 10'd         
 timestamp_seconds 34'd         
 datestamp_year    25'd         
 datestamp_month   7'd          
 datestamp_day     07'd         
 NUL               00           
 BEL               07           
 BS                08           
 HT                09           
 LF                0A           
 VT                0B           
 CR                0D           
 ESC               1B           
 DEL               7F           
 DCS               90           
 ST                9C           
 SWITCHES          01           primeiro_programa.psm
 LEDS              02           primeiro_programa.psm



No TABLEs defined



List of text strings

 STRING name       String         Source PSM File

 KCPSM6_version$   "v2.70"        
 datestamp$        "07 Jul 2025"  
 timestamp$        "11:10:34"     



List of line labels

   Label    Addr  Source PSM File

   soma     000   primeiro_programa.psm



Instruction usage statistics

 Instruction    Instances

 LOAD              2
 STAR              -

 AND               2
 OR                -
 XOR               -

 ADD               1
 ADDCY             -
 SUB               -
 SUBCY             -

 TEST              -
 TESTCY            -
 COMPARE           -
 COMPARECY         -

 SL0               -
 SL1               -
 SLX               -
 SLA               -
 RL                -
 SR0               3
 SR1               -
 SRX               -
 SRA               -
 RR                -

 REGBANK           -

 INPUT             1
 OUTPUT            1
 OUTPUTK           -

 STORE             -
 FETCH             -

 DISABLE           -
 ENABLE            -
 RETURNI           -

 JUMP              1
 JUMP@             -
 CALL              -
 CALL@             -
 RETURN            -
 LOAD&RETURN       -

 HWBUILD           -



End of KCPSM6 log file.
