KCPSM6 Assembler log file for program 'C:\Users\nobor\FGA\Materias\PED2\lab5.2\Assembler1\projeto_1.psm'.
Generated by KCPSM6 version v2.70
Ken Chapman - Xilinx Ltd - 16th May 2014

Assembly datestamp: 14 Jul 2025
Assembly timestamp: 08:56:48

Contents
  Assembly listing
  List of PSM files
  List of CONSTANTs
  List of TABLEs
  List of STRINGs
  List of line labels
  Instruction usage statistics


Last occupied address: 005 hex
Nominal program memory size: 1K (1024)   address(9:0)
Actual memory size: 4096
  (Default memory size)
Occupied memory locations: 6
Memory locations available: 4090


Assembly listing

 Addr Code             Instruction

 000                   ;projeto 1
 000                   CONSTANT chaves1, 00
 000                   CONSTANT chaves2, 01
 000                   CONSTANT leds, 02
 000  09000  function: INPUT s0, 00[chaves1]
 001  09101            INPUT s1, 01[chaves2]
 002  00200            LOAD s2, s0
 003  10210            ADD s2, s1
 004  2D202            OUTPUT s2, 02[leds]
 005  22000            JUMP 000[function]


All unused memory locations contain zero (equivalent to 'LOAD s0, s0')



List of PSM files that have been assembled

C:\Users\nobor\FGA\Materias\PED2\lab5.2\Assembler1\projeto_1.psm



List of defined constants

 CONSTANT name     Value        Source PSM File

 timestamp_hours   08'd         
 timestamp_minutes 56'd         
 timestamp_seconds 48'd         
 datestamp_year    25'd         
 datestamp_month   7'd          
 datestamp_day     14'd         
 NUL               00           
 BEL               07           
 BS                08           
 HT                09           
 LF                0A           
 VT                0B           
 CR                0D           
 ESC               1B           
 DEL               7F           
 DCS               90           
 ST                9C           
 chaves1           00           projeto_1.psm
 chaves2           01           projeto_1.psm
 leds              02           projeto_1.psm



No TABLEs defined



List of text strings

 STRING name       String         Source PSM File

 KCPSM6_version$   "v2.70"        
 datestamp$        "14 Jul 2025"  
 timestamp$        "08:56:48"     



List of line labels

   Label      Addr  Source PSM File

   function   000   projeto_1.psm



Instruction usage statistics

 Instruction    Instances

 LOAD              1
 STAR              -

 AND               -
 OR                -
 XOR               -

 ADD               1
 ADDCY             -
 SUB               -
 SUBCY             -

 TEST              -
 TESTCY            -
 COMPARE           -
 COMPARECY         -

 SL0               -
 SL1               -
 SLX               -
 SLA               -
 RL                -
 SR0               -
 SR1               -
 SRX               -
 SRA               -
 RR                -

 REGBANK           -

 INPUT             2
 OUTPUT            1
 OUTPUTK           -

 STORE             -
 FETCH             -

 DISABLE           -
 ENABLE            -
 RETURNI           -

 JUMP              1
 JUMP@             -
 CALL              -
 CALL@             -
 RETURN            -
 LOAD&RETURN       -

 HWBUILD           -



End of KCPSM6 log file.
