KCPSM6 Assembler log file for program 'C:\Users\nobor\FGA\Materias\PED2\lab5.2\Assembler3\projeto_2.psm'.
Generated by KCPSM6 version v2.70
Ken Chapman - Xilinx Ltd - 16th May 2014

Assembly datestamp: 19 Jul 2025
Assembly timestamp: 19:34:18

Contents
  Assembly listing
  List of PSM files
  List of CONSTANTs
  List of TABLEs
  List of STRINGs
  List of line labels
  Instruction usage statistics


Last occupied address: 3FF hex
Nominal program memory size: 1K (1024)   address(9:0)
Actual memory size: 4096
  (Default memory size)
Occupied memory locations: 23
Memory locations available: 4073


Assembly listing

 Addr Code               Instruction

 000                     NAMEREG s1, i            ; indice i mapeado no registrador s1
 000                     CONSTANT opA, 01         ; multiplicando de 8 bits na porta 01
 000                     CONSTANT opB, 02         ; multiplicador de 8 bits na porta 02
 000                     CONSTANT MSprod, 03      ; MS byte do produto na porta 03
 000                     CONSTANT LSprod, 04      ; LS byte do produto na porta 04
 000                     CONSTANT MSint, 05       ;  MS byte do contador de interrupcoes
 000                     CONSTANT LSint, 06       ; LS byte do contador de interrupcoes
 000                     ;
 000  28001     forever: ENABLE INTERRUPT
 001  09301              INPUT s3, 01[opA]
 002  09402              INPUT s4, 02[opB]
 003  20009              CALL 009[mult_soft]
 004  2D503              OUTPUT s5, 03[MSprod]
 005  2D604              OUTPUT s6, 04[LSprod]
 006  2D806              OUTPUT s8, 06[LSint]
 007  2D705              OUTPUT s7, 05[MSint]
 008  22000              JUMP 000[forever]
 009                     ;
 009  01500   mult_soft: LOAD s5, 00              ; limpa s5, s6 fica em dont care
 00A  01108              LOAD s1[i], 08           ; inicializa indice do laco
 00B                     ;
 00B  1440E   mult_loop: SR0 s4                   ; desloca a direita s4, carry = LSB
 00C  3E00E              JUMP NC, 00E[shift_prod]
 00D  10530              ADD s5, s3
 00E                     ;
 00E  14508  shift_prod: SRA s5
 00F  14608              SRA s6
 010  19101              SUB s1[i], 01
 011  3600B              JUMP NZ, 00B[mult_loop]
 012  25000              RETURN 
 013                     ;
 013  11801         ISR: ADD s8, 01
 014  13700              ADDCY s7, 00
 015  29001              RETURNI ENABLE
 016                     ;
 3FF                     ADDRESS 3FF
 3FF  22013              JUMP 013[ISR]


All unused memory locations contain zero (equivalent to 'LOAD s0, s0')



List of PSM files that have been assembled

C:\Users\nobor\FGA\Materias\PED2\lab5.2\Assembler3\projeto_2.psm



List of defined constants

 CONSTANT name     Value        Source PSM File

 timestamp_hours   19'd         
 timestamp_minutes 34'd         
 timestamp_seconds 18'd         
 datestamp_year    25'd         
 datestamp_month   7'd          
 datestamp_day     19'd         
 NUL               00           
 BEL               07           
 BS                08           
 HT                09           
 LF                0A           
 VT                0B           
 CR                0D           
 ESC               1B           
 DEL               7F           
 DCS               90           
 ST                9C           
 opA               01           projeto_2.psm
 opB               02           projeto_2.psm
 MSprod            03           projeto_2.psm
 LSprod            04           projeto_2.psm
 MSint             05           projeto_2.psm
 LSint             06           projeto_2.psm



No TABLEs defined



List of text strings

 STRING name       String         Source PSM File

 KCPSM6_version$   "v2.70"        
 datestamp$        "19 Jul 2025"  
 timestamp$        "19:34:18"     



List of line labels

   Label        Addr  Source PSM File

   forever      000   projeto_2.psm
   mult_soft    009   projeto_2.psm
   mult_loop    00B   projeto_2.psm
   shift_prod   00E   projeto_2.psm
   ISR          013   projeto_2.psm



Instruction usage statistics

 Instruction    Instances

 LOAD              2
 STAR              -

 AND               -
 OR                -
 XOR               -

 ADD               2
 ADDCY             1
 SUB               1
 SUBCY             -

 TEST              -
 TESTCY            -
 COMPARE           -
 COMPARECY         -

 SL0               -
 SL1               -
 SLX               -
 SLA               -
 RL                -
 SR0               1
 SR1               -
 SRX               -
 SRA               2
 RR                -

 REGBANK           -

 INPUT             2
 OUTPUT            4
 OUTPUTK           -

 STORE             -
 FETCH             -

 DISABLE           -
 ENABLE            1
 RETURNI           1

 JUMP              4
 JUMP@             -
 CALL              1
 CALL@             -
 RETURN            1
 LOAD&RETURN       -

 HWBUILD           -



End of KCPSM6 log file.
